================================================
MLPerf Results Summary
================================================
SUT name : PySUT
Scenario : Offline
Mode     : PerformanceOnly
Samples per second: 1.74173
Result is : VALID
  Min duration satisfied : Yes
  Min queries satisfied : Yes
  Early stopping satisfied: Yes

================================================
Additional Stats
================================================
Min latency (ns)                : 740480534
Max latency (ns)                : 668302770333
Mean latency (ns)               : 333843615084
50.00 percentile latency (ns)   : 334124602359
90.00 percentile latency (ns)   : 601331486605
95.00 percentile latency (ns)   : 634371642415
97.00 percentile latency (ns)   : 648291355159
99.00 percentile latency (ns)   : 661643643411
99.90 percentile latency (ns)   : 667718007496

================================================
Test Parameters Used
================================================
samples_per_query : 1164
target_qps : 1.76513
target_latency (ns): 0
max_async_queries : 1
min_duration (ms): 600000
max_duration (ms): 0
min_query_count : 1
max_query_count : 0
qsl_rng_seed : 2465351861681999779
sample_index_rng_seed : 14276810075590677512
schedule_rng_seed : 3936089224930324775
accuracy_log_rng_seed : 0
accuracy_log_probability : 0
accuracy_log_sampling_target : 0
print_timestamps : 0
performance_issue_unique : 0
performance_issue_same : 0
performance_issue_same_index : 0
performance_sample_count : 5000

No warnings encountered during test.

No errors encountered during test.
Loading official COCO annotations from: /home/runner/MLC/repos/local/cache/download-file_ml-dataset-yolo_90d162ea/yolo-coco2017-filtered-dataset/val2017_safe/annotations/instances_val2017.json
Loaded 1525 images in official COCO order.
Starting MLPerf run
Scenario: Offline
Performance run
Log directory: /home/runner/MLC/repos/local/cache/get-mlperf-inference-results-dir_55593822/valid_results/gh_ubuntu-latestx86-reference-cpu-pytorch-v2.9.1-default_config/yolo-99/offline/performance/run_1
MLPerf run complete - cleaning up
cleaning up LoadGen and flushing logs
Checking for logs in /home/runner/MLC/repos/local/cache/get-mlperf-inference-results-dir_55593822/valid_results/gh_ubuntu-latestx86-reference-cpu-pytorch-v2.9.1-default_config/yolo-99/offline/performance/run_1:
 [OK] mlperf_log_summary.txt present (1581 bytes)
 [OK] mlperf_log_detail.txt present (33938 bytes)
