================================================
MLPerf Results Summary
================================================
SUT name : PySUT
Scenario : Offline
Mode     : PerformanceOnly
Samples per second: 2.07915
Result is : VALID
  Min duration satisfied : Yes
  Min queries satisfied : Yes
  Early stopping satisfied: Yes

================================================
Additional Stats
================================================
Min latency (ns)                : 660699625
Max latency (ns)                : 684413854603
Mean latency (ns)               : 341365488955
50.00 percentile latency (ns)   : 340307162071
90.00 percentile latency (ns)   : 617108499586
95.00 percentile latency (ns)   : 650646337401
97.00 percentile latency (ns)   : 664148347768
99.00 percentile latency (ns)   : 677660120964
99.90 percentile latency (ns)   : 683972028218

================================================
Test Parameters Used
================================================
samples_per_query : 1423
target_qps : 2.1568
target_latency (ns): 0
max_async_queries : 1
min_duration (ms): 600000
max_duration (ms): 0
min_query_count : 1
max_query_count : 0
qsl_rng_seed : 2465351861681999779
sample_index_rng_seed : 14276810075590677512
schedule_rng_seed : 3936089224930324775
accuracy_log_rng_seed : 0
accuracy_log_probability : 0
accuracy_log_sampling_target : 0
print_timestamps : 0
performance_issue_unique : 0
performance_issue_same : 0
performance_issue_same_index : 0
performance_sample_count : 5000

No warnings encountered during test.

No errors encountered during test.
Loading official COCO annotations from: /home/runner/MLC/repos/local/cache/download-file_ml-dataset-yolo_74e00045/yolo-coco2017-filtered-dataset/val2017_safe/annotations/instances_val2017.json
Loaded 1525 images in official COCO order.
Starting MLPerf run
Scenario: Offline
Performance run
Log directory: /home/runner/MLC/repos/local/cache/get-mlperf-inference-results-dir_8c8e3d6c/valid_results/gh_ubuntu-latestx86-reference-cpu-pytorch-v2.9.1-default_config/yolo-99/offline/performance/run_1
MLPerf run complete - cleaning up
cleaning up LoadGen and flushing logs
Checking for logs in /home/runner/MLC/repos/local/cache/get-mlperf-inference-results-dir_8c8e3d6c/valid_results/gh_ubuntu-latestx86-reference-cpu-pytorch-v2.9.1-default_config/yolo-99/offline/performance/run_1:
 [OK] mlperf_log_summary.txt present (1580 bytes)
 [OK] mlperf_log_detail.txt present (33936 bytes)
