================================================
MLPerf Results Summary
================================================
SUT name : PySUT
Scenario : SingleStream
Mode     : PerformanceOnly
90.0th percentile latency (ns) : 663059495
Result is : VALID
  Min duration satisfied : Yes
  Min queries satisfied : Yes
  Early stopping satisfied: Yes
Early Stopping Result:
 * Processed at least 64 queries (990).
 * Would discard 76 highest latency queries.
 * Early stopping 90.0th percentile estimate: 705307081
 * Early stopping 99.0th percentile estimate: 837975360

================================================
Additional Stats
================================================
QPS w/ loadgen overhead         : 1.65
QPS w/o loadgen overhead        : 1.65

Min latency (ns)                : 272549517
Max latency (ns)                : 844845147
Mean latency (ns)               : 607088661
50.00 percentile latency (ns)   : 601255867
90.00 percentile latency (ns)   : 663059495
95.00 percentile latency (ns)   : 794958643
97.00 percentile latency (ns)   : 813049727
99.00 percentile latency (ns)   : 825316546
99.90 percentile latency (ns)   : 844845147

================================================
Test Parameters Used
================================================
samples_per_query : 1
target_qps : 10
target_latency (ns): 0
max_async_queries : 1
min_duration (ms): 600000
max_duration (ms): 0
min_query_count : 100
max_query_count : 0
qsl_rng_seed : 2465351861681999779
sample_index_rng_seed : 14276810075590677512
schedule_rng_seed : 3936089224930324775
accuracy_log_rng_seed : 0
accuracy_log_probability : 0
accuracy_log_sampling_target : 0
print_timestamps : 0
performance_issue_unique : 0
performance_issue_same : 0
performance_issue_same_index : 0
performance_sample_count : 5000

No warnings encountered during test.

No errors encountered during test.
Loading official COCO annotations from: /home/runner/MLC/repos/local/cache/download-file_ml-dataset-yolo_ed9ad7da/yolo-coco2017-filtered-dataset/val2017_safe/annotations/instances_val2017.json
Loaded 1525 images in official COCO order.
Starting MLPerf run
Scenario: SingleStream
Performance run
Log directory: /home/runner/MLC/repos/local/cache/get-mlperf-inference-results-dir_a9cd9c5f/valid_results/gh_ubuntu-latestx86-reference-cpu-pytorch-v2.9.1-default_config/yolo-99/singlestream/performance/run_1
MLPerf run complete - cleaning up
cleaning up LoadGen and flushing logs
Checking for logs in /home/runner/MLC/repos/local/cache/get-mlperf-inference-results-dir_a9cd9c5f/valid_results/gh_ubuntu-latestx86-reference-cpu-pytorch-v2.9.1-default_config/yolo-99/singlestream/performance/run_1:
 [OK] mlperf_log_summary.txt present (1870 bytes)
 [OK] mlperf_log_detail.txt present (35270 bytes)
